
Memory Configuration

Name             Origin             Length             Attributes
RAM              0x0000000020000000 0x0000000000030000 xrw
FLASH            0x0000000008000000 0x0000000000100000 xr
*default*        0x0000000000000000 0xffffffffffffffff

Linker script and memory map

LOAD obj/main.o
LOAD obj/startup.o
START GROUP
LOAD /usr/bin/../lib/gcc/arm-none-eabi/7.3.1/thumb/v7e-m/fpv4-sp/hard/libgcc.a
LOAD /usr/bin/../lib/gcc/arm-none-eabi/7.3.1/../../../../arm-none-eabi/lib/thumb/v7e-m/fpv4-sp/hard/libg.a
LOAD /usr/bin/../lib/gcc/arm-none-eabi/7.3.1/../../../../arm-none-eabi/lib/thumb/v7e-m/fpv4-sp/hard/libc.a
END GROUP
                0x0000000020020000                _estack = 0x20020000

.text           0x0000000008000000      0x1c2
 *(.isr_vector)
 .isr_vector    0x0000000008000000      0x188 obj/startup.o
                0x0000000008000000                g_pfnVectors
 *(.text)
 .text          0x0000000008000188       0x24 obj/main.o
                0x0000000008000188                main
 .text          0x00000000080001ac       0x14 obj/startup.o
 *(.text*)
 .text.Default_Handler
                0x00000000080001c0        0x2 obj/startup.o
                0x00000000080001c0                RTC_Alarm_IRQHandler
                0x00000000080001c0                HASH_RNG_IRQHandler
                0x00000000080001c0                EXTI2_IRQHandler
                0x00000000080001c0                TIM8_CC_IRQHandler
                0x00000000080001c0                DebugMon_Handler
                0x00000000080001c0                TIM1_CC_IRQHandler
                0x00000000080001c0                DMA2_Stream5_IRQHandler
                0x00000000080001c0                HardFault_Handler
                0x00000000080001c0                DMA1_Stream5_IRQHandler
                0x00000000080001c0                SysTick_Handler
                0x00000000080001c0                PVD_IRQHandler
                0x00000000080001c0                SDIO_IRQHandler
                0x00000000080001c0                TAMP_STAMP_IRQHandler
                0x00000000080001c0                PendSV_Handler
                0x00000000080001c0                NMI_Handler
                0x00000000080001c0                CAN2_RX1_IRQHandler
                0x00000000080001c0                EXTI3_IRQHandler
                0x00000000080001c0                TIM8_TRG_COM_TIM14_IRQHandler
                0x00000000080001c0                TIM1_UP_TIM10_IRQHandler
                0x00000000080001c0                TIM8_UP_TIM13_IRQHandler
                0x00000000080001c0                I2C3_ER_IRQHandler
                0x00000000080001c0                EXTI0_IRQHandler
                0x00000000080001c0                I2C2_EV_IRQHandler
                0x00000000080001c0                DMA1_Stream2_IRQHandler
                0x00000000080001c0                CAN1_RX0_IRQHandler
                0x00000000080001c0                FPU_IRQHandler
                0x00000000080001c0                OTG_HS_WKUP_IRQHandler
                0x00000000080001c0                UsageFault_Handler
                0x00000000080001c0                CAN2_SCE_IRQHandler
                0x00000000080001c0                DMA2_Stream2_IRQHandler
                0x00000000080001c0                SPI1_IRQHandler
                0x00000000080001c0                TIM6_DAC_IRQHandler
                0x00000000080001c0                TIM1_BRK_TIM9_IRQHandler
                0x00000000080001c0                DCMI_IRQHandler
                0x00000000080001c0                CAN2_RX0_IRQHandler
                0x00000000080001c0                DMA2_Stream3_IRQHandler
                0x00000000080001c0                USART6_IRQHandler
                0x00000000080001c0                USART3_IRQHandler
                0x00000000080001c0                CRYP_IRQHandler
                0x00000000080001c0                CAN1_RX1_IRQHandler
                0x00000000080001c0                UART5_IRQHandler
                0x00000000080001c0                DMA2_Stream0_IRQHandler
                0x00000000080001c0                TIM4_IRQHandler
                0x00000000080001c0                I2C1_EV_IRQHandler
                0x00000000080001c0                DMA1_Stream6_IRQHandler
                0x00000000080001c0                DMA1_Stream1_IRQHandler
                0x00000000080001c0                UART4_IRQHandler
                0x00000000080001c0                TIM3_IRQHandler
                0x00000000080001c0                RCC_IRQHandler
                0x00000000080001c0                TIM8_BRK_TIM12_IRQHandler
                0x00000000080001c0                Default_Handler
                0x00000000080001c0                EXTI15_10_IRQHandler
                0x00000000080001c0                ADC_IRQHandler
                0x00000000080001c0                DMA1_Stream7_IRQHandler
                0x00000000080001c0                TIM7_IRQHandler
                0x00000000080001c0                CAN2_TX_IRQHandler
                0x00000000080001c0                TIM5_IRQHandler
                0x00000000080001c0                DMA2_Stream7_IRQHandler
                0x00000000080001c0                I2C3_EV_IRQHandler
                0x00000000080001c0                EXTI9_5_IRQHandler
                0x00000000080001c0                RTC_WKUP_IRQHandler
                0x00000000080001c0                ETH_WKUP_IRQHandler
                0x00000000080001c0                SPI2_IRQHandler
                0x00000000080001c0                OTG_HS_EP1_IN_IRQHandler
                0x00000000080001c0                MemManage_Handler
                0x00000000080001c0                DMA1_Stream0_IRQHandler
                0x00000000080001c0                CAN1_TX_IRQHandler
                0x00000000080001c0                SVC_Handler
                0x00000000080001c0                EXTI4_IRQHandler
                0x00000000080001c0                FSMC_IRQHandler
                0x00000000080001c0                ETH_IRQHandler
                0x00000000080001c0                OTG_HS_EP1_OUT_IRQHandler
                0x00000000080001c0                WWDG_IRQHandler
                0x00000000080001c0                TIM2_IRQHandler
                0x00000000080001c0                OTG_FS_WKUP_IRQHandler
                0x00000000080001c0                TIM1_TRG_COM_TIM11_IRQHandler
                0x00000000080001c0                OTG_HS_IRQHandler
                0x00000000080001c0                EXTI1_IRQHandler
                0x00000000080001c0                USART2_IRQHandler
                0x00000000080001c0                I2C2_ER_IRQHandler
                0x00000000080001c0                DMA2_Stream1_IRQHandler
                0x00000000080001c0                CAN1_SCE_IRQHandler
                0x00000000080001c0                FLASH_IRQHandler
                0x00000000080001c0                DMA2_Stream4_IRQHandler
                0x00000000080001c0                BusFault_Handler
                0x00000000080001c0                USART1_IRQHandler
                0x00000000080001c0                OTG_FS_IRQHandler
                0x00000000080001c0                SPI3_IRQHandler
                0x00000000080001c0                DMA1_Stream4_IRQHandler
                0x00000000080001c0                I2C1_ER_IRQHandler
                0x00000000080001c0                DMA2_Stream6_IRQHandler
                0x00000000080001c0                DMA1_Stream3_IRQHandler
 *(.rodata)
 *(.rodata*)
                0x00000000080001c2                _sidata = LOADADDR (.data)

.glue_7         0x00000000080001c4        0x0
 .glue_7        0x00000000080001c4        0x0 linker stubs

.glue_7t        0x00000000080001c4        0x0
 .glue_7t       0x00000000080001c4        0x0 linker stubs

.vfp11_veneer   0x00000000080001c4        0x0
 .vfp11_veneer  0x00000000080001c4        0x0 linker stubs

.v4_bx          0x00000000080001c4        0x0
 .v4_bx         0x00000000080001c4        0x0 linker stubs

.iplt           0x00000000080001c4        0x0
 .iplt          0x00000000080001c4        0x0 obj/main.o

.rel.dyn        0x00000000080001c4        0x0
 .rel.iplt      0x00000000080001c4        0x0 obj/main.o

.data           0x0000000020000000        0x4 load address 0x00000000080001c2
                0x0000000020000000                . = ALIGN (0x4)
                0x0000000020000000                _sdata = .
 *(.data)
 .data          0x0000000020000000        0x4 obj/main.o
 .data          0x0000000020000004        0x0 obj/startup.o
 *(.data*)
                0x0000000020000004                . = ALIGN (0x4)
                0x0000000020000004                _edata = .

.igot.plt       0x0000000020000004        0x0 load address 0x00000000080001c6
 .igot.plt      0x0000000020000004        0x0 obj/main.o

.bss            0x0000000020000004        0x4 load address 0x00000000080001c6
                0x0000000020000004                . = ALIGN (0x4)
                0x0000000020000004                _sbss = .
                0x0000000020000004                __bss_start__ = _sbss
 *(.bss)
 .bss           0x0000000020000004        0x4 obj/main.o
 .bss           0x0000000020000008        0x0 obj/startup.o
 *(.bss*)
 *(COMMON)
                0x0000000020000008                . = ALIGN (0x4)
                0x0000000020000008                _ebss = .
                0x0000000020000008                __bss_end__ = _ebss
                0x0000000020000008                _end = .
                [!provide]                        PROVIDE (end = .)
OUTPUT(out/main.elf elf32-littlearm)

.debug_info     0x0000000000000000       0xf4
 .debug_info    0x0000000000000000       0xce obj/main.o
 .debug_info    0x00000000000000ce       0x26 obj/startup.o

.debug_abbrev   0x0000000000000000       0x81
 .debug_abbrev  0x0000000000000000       0x6d obj/main.o
 .debug_abbrev  0x000000000000006d       0x14 obj/startup.o

.debug_aranges  0x0000000000000000       0x40
 .debug_aranges
                0x0000000000000000       0x20 obj/main.o
 .debug_aranges
                0x0000000000000020       0x20 obj/startup.o

.debug_line     0x0000000000000000       0xeb
 .debug_line    0x0000000000000000       0xae obj/main.o
 .debug_line    0x00000000000000ae       0x3d obj/startup.o

.debug_str      0x0000000000000000      0x187
 .debug_str     0x0000000000000000      0x16b obj/main.o
                                        0x1a8 (size before relaxing)
 .debug_str     0x000000000000016b       0x1c obj/startup.o
                                         0x54 (size before relaxing)

.comment        0x0000000000000000       0x7f
 .comment       0x0000000000000000       0x7f obj/main.o
                                         0x80 (size before relaxing)

.ARM.attributes
                0x0000000000000000       0x37
 .ARM.attributes
                0x0000000000000000       0x39 obj/main.o
 .ARM.attributes
                0x0000000000000039       0x21 obj/startup.o

.debug_frame    0x0000000000000000       0x2c
 .debug_frame   0x0000000000000000       0x2c obj/main.o
