
Memory Configuration

Name             Origin             Length             Attributes
RAM              0x0000000020000000 0x0000000000030000 xrw
FLASH            0x0000000008000000 0x0000000000100000 xr
*default*        0x0000000000000000 0xffffffffffffffff

Linker script and memory map

LOAD obj/main.o
LOAD obj/startup.o
START GROUP
LOAD /usr/lib/gcc/arm-none-eabi/4.9.3/libgcc.a
LOAD /usr/lib/gcc/arm-none-eabi/4.9.3/../../../arm-none-eabi/lib/libg.a
LOAD /usr/lib/gcc/arm-none-eabi/4.9.3/../../../arm-none-eabi/lib/libc.a
END GROUP
                0x0000000020020000                _estack = 0x20020000

.text           0x0000000008000000      0x1de
 *(.isr_vector)
 .isr_vector    0x0000000008000000      0x188 obj/startup.o
                0x0000000008000000                g_pfnVectors
 *(.text)
 .text          0x0000000008000188       0x40 obj/main.o
                0x0000000008000188                main
 .text          0x00000000080001c8       0x14 obj/startup.o
 *(.text*)
 .text.Default_Handler
                0x00000000080001dc        0x2 obj/startup.o
                0x00000000080001dc                RTC_Alarm_IRQHandler
                0x00000000080001dc                HASH_RNG_IRQHandler
                0x00000000080001dc                EXTI2_IRQHandler
                0x00000000080001dc                TIM8_CC_IRQHandler
                0x00000000080001dc                DebugMon_Handler
                0x00000000080001dc                TIM1_CC_IRQHandler
                0x00000000080001dc                DMA2_Stream5_IRQHandler
                0x00000000080001dc                HardFault_Handler
                0x00000000080001dc                DMA1_Stream5_IRQHandler
                0x00000000080001dc                SysTick_Handler
                0x00000000080001dc                PVD_IRQHandler
                0x00000000080001dc                SDIO_IRQHandler
                0x00000000080001dc                TAMP_STAMP_IRQHandler
                0x00000000080001dc                PendSV_Handler
                0x00000000080001dc                NMI_Handler
                0x00000000080001dc                CAN2_RX1_IRQHandler
                0x00000000080001dc                EXTI3_IRQHandler
                0x00000000080001dc                TIM8_TRG_COM_TIM14_IRQHandler
                0x00000000080001dc                TIM1_UP_TIM10_IRQHandler
                0x00000000080001dc                TIM8_UP_TIM13_IRQHandler
                0x00000000080001dc                I2C3_ER_IRQHandler
                0x00000000080001dc                EXTI0_IRQHandler
                0x00000000080001dc                I2C2_EV_IRQHandler
                0x00000000080001dc                DMA1_Stream2_IRQHandler
                0x00000000080001dc                CAN1_RX0_IRQHandler
                0x00000000080001dc                FPU_IRQHandler
                0x00000000080001dc                OTG_HS_WKUP_IRQHandler
                0x00000000080001dc                UsageFault_Handler
                0x00000000080001dc                CAN2_SCE_IRQHandler
                0x00000000080001dc                DMA2_Stream2_IRQHandler
                0x00000000080001dc                SPI1_IRQHandler
                0x00000000080001dc                TIM6_DAC_IRQHandler
                0x00000000080001dc                TIM1_BRK_TIM9_IRQHandler
                0x00000000080001dc                DCMI_IRQHandler
                0x00000000080001dc                CAN2_RX0_IRQHandler
                0x00000000080001dc                DMA2_Stream3_IRQHandler
                0x00000000080001dc                USART6_IRQHandler
                0x00000000080001dc                USART3_IRQHandler
                0x00000000080001dc                CRYP_IRQHandler
                0x00000000080001dc                CAN1_RX1_IRQHandler
                0x00000000080001dc                UART5_IRQHandler
                0x00000000080001dc                DMA2_Stream0_IRQHandler
                0x00000000080001dc                TIM4_IRQHandler
                0x00000000080001dc                I2C1_EV_IRQHandler
                0x00000000080001dc                DMA1_Stream6_IRQHandler
                0x00000000080001dc                DMA1_Stream1_IRQHandler
                0x00000000080001dc                UART4_IRQHandler
                0x00000000080001dc                TIM3_IRQHandler
                0x00000000080001dc                RCC_IRQHandler
                0x00000000080001dc                TIM8_BRK_TIM12_IRQHandler
                0x00000000080001dc                Default_Handler
                0x00000000080001dc                EXTI15_10_IRQHandler
                0x00000000080001dc                ADC_IRQHandler
                0x00000000080001dc                DMA1_Stream7_IRQHandler
                0x00000000080001dc                TIM7_IRQHandler
                0x00000000080001dc                CAN2_TX_IRQHandler
                0x00000000080001dc                TIM5_IRQHandler
                0x00000000080001dc                DMA2_Stream7_IRQHandler
                0x00000000080001dc                I2C3_EV_IRQHandler
                0x00000000080001dc                EXTI9_5_IRQHandler
                0x00000000080001dc                RTC_WKUP_IRQHandler
                0x00000000080001dc                ETH_WKUP_IRQHandler
                0x00000000080001dc                SPI2_IRQHandler
                0x00000000080001dc                OTG_HS_EP1_IN_IRQHandler
                0x00000000080001dc                MemManage_Handler
                0x00000000080001dc                DMA1_Stream0_IRQHandler
                0x00000000080001dc                CAN1_TX_IRQHandler
                0x00000000080001dc                SVC_Handler
                0x00000000080001dc                EXTI4_IRQHandler
                0x00000000080001dc                FSMC_IRQHandler
                0x00000000080001dc                ETH_IRQHandler
                0x00000000080001dc                OTG_HS_EP1_OUT_IRQHandler
                0x00000000080001dc                WWDG_IRQHandler
                0x00000000080001dc                TIM2_IRQHandler
                0x00000000080001dc                OTG_FS_WKUP_IRQHandler
                0x00000000080001dc                TIM1_TRG_COM_TIM11_IRQHandler
                0x00000000080001dc                OTG_HS_IRQHandler
                0x00000000080001dc                EXTI1_IRQHandler
                0x00000000080001dc                USART2_IRQHandler
                0x00000000080001dc                I2C2_ER_IRQHandler
                0x00000000080001dc                DMA2_Stream1_IRQHandler
                0x00000000080001dc                CAN1_SCE_IRQHandler
                0x00000000080001dc                FLASH_IRQHandler
                0x00000000080001dc                DMA2_Stream4_IRQHandler
                0x00000000080001dc                BusFault_Handler
                0x00000000080001dc                USART1_IRQHandler
                0x00000000080001dc                OTG_FS_IRQHandler
                0x00000000080001dc                SPI3_IRQHandler
                0x00000000080001dc                DMA1_Stream4_IRQHandler
                0x00000000080001dc                I2C1_ER_IRQHandler
                0x00000000080001dc                DMA2_Stream6_IRQHandler
                0x00000000080001dc                DMA1_Stream3_IRQHandler
 *(.rodata)
 *(.rodata*)
                0x00000000080001de                _sidata = LOADADDR (.data)

.glue_7         0x00000000080001e0        0x0
 .glue_7        0x00000000080001e0        0x0 linker stubs

.glue_7t        0x00000000080001e0        0x0
 .glue_7t       0x00000000080001e0        0x0 linker stubs

.vfp11_veneer   0x00000000080001e0        0x0
 .vfp11_veneer  0x00000000080001e0        0x0 linker stubs

.v4_bx          0x00000000080001e0        0x0
 .v4_bx         0x00000000080001e0        0x0 linker stubs

.iplt           0x00000000080001e0        0x0
 .iplt          0x00000000080001e0        0x0 obj/main.o

.rel.dyn        0x00000000080001e0        0x0
 .rel.iplt      0x00000000080001e0        0x0 obj/main.o

.data           0x0000000020000000        0x4 load address 0x00000000080001de
                0x0000000020000000                . = ALIGN (0x4)
                0x0000000020000000                _sdata = .
 *(.data)
 .data          0x0000000020000000        0x4 obj/main.o
 .data          0x0000000020000004        0x0 obj/startup.o
 *(.data*)
                0x0000000020000004                . = ALIGN (0x4)
                0x0000000020000004                _edata = .

.igot.plt       0x0000000020000004        0x0 load address 0x00000000080001e2
 .igot.plt      0x0000000020000004        0x0 obj/main.o

.bss            0x0000000020000004        0x4 load address 0x00000000080001e2
                0x0000000020000004                . = ALIGN (0x4)
                0x0000000020000004                _sbss = .
                0x0000000020000004                __bss_start__ = _sbss
 *(.bss)
 .bss           0x0000000020000004        0x4 obj/main.o
 .bss           0x0000000020000008        0x0 obj/startup.o
 *(.bss*)
 *(COMMON)
                0x0000000020000008                . = ALIGN (0x4)
                0x0000000020000008                _ebss = .
                0x0000000020000008                __bss_end__ = _ebss
                0x0000000020000008                _end = .
                [!provide]                        PROVIDE (end, .)
OUTPUT(out/main.elf elf32-littlearm)

.debug_info     0x0000000000000000      0x170
 .debug_info    0x0000000000000000       0xd2 obj/main.o
 .debug_info    0x00000000000000d2       0x9e obj/startup.o

.debug_abbrev   0x0000000000000000       0x83
 .debug_abbrev  0x0000000000000000       0x6f obj/main.o
 .debug_abbrev  0x000000000000006f       0x14 obj/startup.o

.debug_aranges  0x0000000000000000       0x40
 .debug_aranges
                0x0000000000000000       0x20 obj/main.o
 .debug_aranges
                0x0000000000000020       0x20 obj/startup.o

.debug_line     0x0000000000000000       0xdd
 .debug_line    0x0000000000000000       0xa0 obj/main.o
 .debug_line    0x00000000000000a0       0x3d obj/startup.o

.debug_str      0x0000000000000000      0x119
 .debug_str     0x0000000000000000      0x119 obj/main.o
                                        0x156 (size before relaxing)

.comment        0x0000000000000000       0x38
 .comment       0x0000000000000000       0x38 obj/main.o
                                         0x39 (size before relaxing)

.ARM.attributes
                0x0000000000000000       0x31
 .ARM.attributes
                0x0000000000000000       0x30 obj/main.o
 .ARM.attributes
                0x0000000000000030       0x21 obj/startup.o

.debug_frame    0x0000000000000000       0x28
 .debug_frame   0x0000000000000000       0x28 obj/main.o
