Archive member included to satisfy reference by file (symbol)

/usr/lib/gcc/arm-none-eabi/4.9.3/../../../arm-none-eabi/lib/armv7e-m/libc.a(lib_a-errno.o)
                              obj/sbrk.o (__errno)
/usr/lib/gcc/arm-none-eabi/4.9.3/../../../arm-none-eabi/lib/armv7e-m/libc.a(lib_a-impure.o)
                              /usr/lib/gcc/arm-none-eabi/4.9.3/../../../arm-none-eabi/lib/armv7e-m/libc.a(lib_a-errno.o) (_impure_ptr)

Allocating common symbols
Common symbol       size              file

test                0x64              obj/main.o
__stm32_tick        0x4               obj/exceptions.o

Memory Configuration

Name             Origin             Length             Attributes
RAM              0x0000000020000000 0x0000000000030000 xrw
FLASH            0x0000000008000000 0x0000000000100000 xr
*default*        0x0000000000000000 0xffffffffffffffff

Linker script and memory map

LOAD obj/low_level_init.o
LOAD obj/exceptions.o
LOAD obj/main.o
LOAD obj/sbrk.o
LOAD obj/startup.o
LOAD /usr/lib/gcc/arm-none-eabi/4.9.3/../../../arm-none-eabi/lib/armv7e-m/libc.a
LOAD /usr/lib/gcc/arm-none-eabi/4.9.3/../../../arm-none-eabi/lib/armv7e-m/libnosys.a
START GROUP
LOAD /usr/lib/gcc/arm-none-eabi/4.9.3/armv7e-m/libgcc.a
LOAD /usr/lib/gcc/arm-none-eabi/4.9.3/../../../arm-none-eabi/lib/armv7e-m/libg.a
LOAD /usr/lib/gcc/arm-none-eabi/4.9.3/../../../arm-none-eabi/lib/armv7e-m/libc.a
END GROUP
                0x0000000020020000                _estack = 0x20020000

.text           0x0000000008000000      0x478
 *(.isr_vector)
 .isr_vector    0x0000000008000000      0x188 obj/startup.o
                0x0000000008000000                g_pfnVectors
 *(.text)
 .text          0x0000000008000188      0x14c obj/low_level_init.o
                0x0000000008000188                low_level_init
 .text          0x00000000080002d4       0x6c obj/exceptions.o
                0x00000000080002d4                NMI_Handler
                0x00000000080002e0                HardFault_Handler
                0x00000000080002e8                MemManage_Handler
                0x00000000080002f0                BusFault_Handler
                0x00000000080002f8                UsageFault_Handler
                0x0000000008000300                SVC_Handler
                0x000000000800030c                DebugMon_Handler
                0x0000000008000318                PendSV_Handler
                0x0000000008000324                SysTick_Handler
 .text          0x0000000008000340       0x3c obj/main.o
                0x0000000008000340                main
 .text          0x000000000800037c       0x64 obj/sbrk.o
                0x000000000800037c                _sbrk
 .text          0x00000000080003e0       0x14 obj/startup.o
 .text          0x00000000080003f4        0x0 /usr/lib/gcc/arm-none-eabi/4.9.3/../../../arm-none-eabi/lib/armv7e-m/libc.a(lib_a-errno.o)
 .text          0x00000000080003f4        0x0 /usr/lib/gcc/arm-none-eabi/4.9.3/../../../arm-none-eabi/lib/armv7e-m/libc.a(lib_a-impure.o)
 *(.text*)
 .text.Reset_Handler
                0x00000000080003f4       0x54 obj/startup.o
                0x00000000080003f4                Reset_Handler
 .text.Default_Handler
                0x0000000008000448        0x2 obj/startup.o
                0x0000000008000448                RTC_Alarm_IRQHandler
                0x0000000008000448                HASH_RNG_IRQHandler
                0x0000000008000448                EXTI2_IRQHandler
                0x0000000008000448                TIM8_CC_IRQHandler
                0x0000000008000448                TIM1_CC_IRQHandler
                0x0000000008000448                DMA2_Stream5_IRQHandler
                0x0000000008000448                DMA1_Stream5_IRQHandler
                0x0000000008000448                PVD_IRQHandler
                0x0000000008000448                SDIO_IRQHandler
                0x0000000008000448                TAMP_STAMP_IRQHandler
                0x0000000008000448                CAN2_RX1_IRQHandler
                0x0000000008000448                EXTI3_IRQHandler
                0x0000000008000448                TIM8_TRG_COM_TIM14_IRQHandler
                0x0000000008000448                TIM1_UP_TIM10_IRQHandler
                0x0000000008000448                TIM8_UP_TIM13_IRQHandler
                0x0000000008000448                I2C3_ER_IRQHandler
                0x0000000008000448                EXTI0_IRQHandler
                0x0000000008000448                I2C2_EV_IRQHandler
                0x0000000008000448                DMA1_Stream2_IRQHandler
                0x0000000008000448                CAN1_RX0_IRQHandler
                0x0000000008000448                FPU_IRQHandler
                0x0000000008000448                OTG_HS_WKUP_IRQHandler
                0x0000000008000448                CAN2_SCE_IRQHandler
                0x0000000008000448                DMA2_Stream2_IRQHandler
                0x0000000008000448                SPI1_IRQHandler
                0x0000000008000448                TIM6_DAC_IRQHandler
                0x0000000008000448                TIM1_BRK_TIM9_IRQHandler
                0x0000000008000448                DCMI_IRQHandler
                0x0000000008000448                CAN2_RX0_IRQHandler
                0x0000000008000448                DMA2_Stream3_IRQHandler
                0x0000000008000448                USART6_IRQHandler
                0x0000000008000448                USART3_IRQHandler
                0x0000000008000448                CRYP_IRQHandler
                0x0000000008000448                CAN1_RX1_IRQHandler
                0x0000000008000448                UART5_IRQHandler
                0x0000000008000448                DMA2_Stream0_IRQHandler
                0x0000000008000448                TIM4_IRQHandler
                0x0000000008000448                I2C1_EV_IRQHandler
                0x0000000008000448                DMA1_Stream6_IRQHandler
                0x0000000008000448                DMA1_Stream1_IRQHandler
                0x0000000008000448                UART4_IRQHandler
                0x0000000008000448                TIM3_IRQHandler
                0x0000000008000448                RCC_IRQHandler
                0x0000000008000448                TIM8_BRK_TIM12_IRQHandler
                0x0000000008000448                Default_Handler
                0x0000000008000448                EXTI15_10_IRQHandler
                0x0000000008000448                ADC_IRQHandler
                0x0000000008000448                DMA1_Stream7_IRQHandler
                0x0000000008000448                TIM7_IRQHandler
                0x0000000008000448                CAN2_TX_IRQHandler
                0x0000000008000448                TIM5_IRQHandler
                0x0000000008000448                DMA2_Stream7_IRQHandler
                0x0000000008000448                I2C3_EV_IRQHandler
                0x0000000008000448                EXTI9_5_IRQHandler
                0x0000000008000448                RTC_WKUP_IRQHandler
                0x0000000008000448                ETH_WKUP_IRQHandler
                0x0000000008000448                SPI2_IRQHandler
                0x0000000008000448                OTG_HS_EP1_IN_IRQHandler
                0x0000000008000448                DMA1_Stream0_IRQHandler
                0x0000000008000448                CAN1_TX_IRQHandler
                0x0000000008000448                EXTI4_IRQHandler
                0x0000000008000448                FSMC_IRQHandler
                0x0000000008000448                ETH_IRQHandler
                0x0000000008000448                OTG_HS_EP1_OUT_IRQHandler
                0x0000000008000448                WWDG_IRQHandler
                0x0000000008000448                TIM2_IRQHandler
                0x0000000008000448                OTG_FS_WKUP_IRQHandler
                0x0000000008000448                TIM1_TRG_COM_TIM11_IRQHandler
                0x0000000008000448                OTG_HS_IRQHandler
                0x0000000008000448                EXTI1_IRQHandler
                0x0000000008000448                USART2_IRQHandler
                0x0000000008000448                I2C2_ER_IRQHandler
                0x0000000008000448                DMA2_Stream1_IRQHandler
                0x0000000008000448                CAN1_SCE_IRQHandler
                0x0000000008000448                FLASH_IRQHandler
                0x0000000008000448                DMA2_Stream4_IRQHandler
                0x0000000008000448                USART1_IRQHandler
                0x0000000008000448                OTG_FS_IRQHandler
                0x0000000008000448                SPI3_IRQHandler
                0x0000000008000448                DMA1_Stream4_IRQHandler
                0x0000000008000448                I2C1_ER_IRQHandler
                0x0000000008000448                DMA2_Stream6_IRQHandler
                0x0000000008000448                DMA1_Stream3_IRQHandler
 *fill*         0x000000000800044a        0x2 
 .text.__errno  0x000000000800044c        0xc /usr/lib/gcc/arm-none-eabi/4.9.3/../../../arm-none-eabi/lib/armv7e-m/libc.a(lib_a-errno.o)
                0x000000000800044c                __errno
 *(.rodata)
 .rodata        0x0000000008000458       0x17 obj/main.o
 *(.rodata*)
 *fill*         0x000000000800046f        0x1 
 .rodata.str1.4
                0x0000000008000470        0x4 /usr/lib/gcc/arm-none-eabi/4.9.3/../../../arm-none-eabi/lib/armv7e-m/libc.a(lib_a-impure.o)
 .rodata._global_impure_ptr
                0x0000000008000474        0x4 /usr/lib/gcc/arm-none-eabi/4.9.3/../../../arm-none-eabi/lib/armv7e-m/libc.a(lib_a-impure.o)
                0x0000000008000474                _global_impure_ptr
                0x0000000008000478                _sidata = LOADADDR (.data)

.glue_7         0x0000000008000478        0x0
 .glue_7        0x0000000008000478        0x0 linker stubs

.glue_7t        0x0000000008000478        0x0
 .glue_7t       0x0000000008000478        0x0 linker stubs

.vfp11_veneer   0x0000000008000478        0x0
 .vfp11_veneer  0x0000000008000478        0x0 linker stubs

.v4_bx          0x0000000008000478        0x0
 .v4_bx         0x0000000008000478        0x0 linker stubs

.iplt           0x0000000008000478        0x0
 .iplt          0x0000000008000478        0x0 obj/low_level_init.o

.rel.dyn        0x0000000008000478        0x0
 .rel.iplt      0x0000000008000478        0x0 obj/low_level_init.o

.data           0x0000000020000000      0x444 load address 0x0000000008000478
                0x0000000020000000                . = ALIGN (0x4)
                0x0000000020000000                _sdata = .
 *(.data)
 .data          0x0000000020000000       0x14 obj/low_level_init.o
                0x0000000020000000                SystemCoreClock
                0x0000000020000004                AHBPrescTable
 .data          0x0000000020000014        0x0 obj/exceptions.o
 .data          0x0000000020000014        0x0 obj/main.o
 .data          0x0000000020000014        0x0 obj/sbrk.o
 .data          0x0000000020000014        0x0 obj/startup.o
 .data          0x0000000020000014        0x0 /usr/lib/gcc/arm-none-eabi/4.9.3/../../../arm-none-eabi/lib/armv7e-m/libc.a(lib_a-errno.o)
 .data          0x0000000020000014        0x0 /usr/lib/gcc/arm-none-eabi/4.9.3/../../../arm-none-eabi/lib/armv7e-m/libc.a(lib_a-impure.o)
 *(.data*)
 *fill*         0x0000000020000014        0x4 
 .data.impure_data
                0x0000000020000018      0x428 /usr/lib/gcc/arm-none-eabi/4.9.3/../../../arm-none-eabi/lib/armv7e-m/libc.a(lib_a-impure.o)
 .data._impure_ptr
                0x0000000020000440        0x4 /usr/lib/gcc/arm-none-eabi/4.9.3/../../../arm-none-eabi/lib/armv7e-m/libc.a(lib_a-impure.o)
                0x0000000020000440                _impure_ptr
                0x0000000020000444                . = ALIGN (0x4)
                0x0000000020000444                _edata = .

.igot.plt       0x0000000020000444        0x0 load address 0x00000000080008bc
 .igot.plt      0x0000000020000444        0x0 obj/low_level_init.o

.bss            0x0000000020000444       0xd0 load address 0x00000000080008bc
                0x0000000020000444                . = ALIGN (0x4)
                0x0000000020000444                _sbss = .
                0x0000000020000444                __bss_start__ = _sbss
 *(.bss)
 .bss           0x0000000020000444        0x0 obj/low_level_init.o
 .bss           0x0000000020000444        0x0 obj/exceptions.o
 .bss           0x0000000020000444       0x64 obj/main.o
 .bss           0x00000000200004a8        0x4 obj/sbrk.o
 .bss           0x00000000200004ac        0x0 obj/startup.o
 .bss           0x00000000200004ac        0x0 /usr/lib/gcc/arm-none-eabi/4.9.3/../../../arm-none-eabi/lib/armv7e-m/libc.a(lib_a-errno.o)
 .bss           0x00000000200004ac        0x0 /usr/lib/gcc/arm-none-eabi/4.9.3/../../../arm-none-eabi/lib/armv7e-m/libc.a(lib_a-impure.o)
 *(.bss*)
 *(COMMON)
 COMMON         0x00000000200004ac        0x4 obj/exceptions.o
                0x00000000200004ac                __stm32_tick
 COMMON         0x00000000200004b0       0x64 obj/main.o
                0x00000000200004b0                test
                0x0000000020000514                . = ALIGN (0x4)
                0x0000000020000514                _ebss = .
                0x0000000020000514                __bss_end__ = _ebss
                0x0000000020000514                _end = .
                [!provide]                        PROVIDE (end, .)
OUTPUT(out/main.elf elf32-littlearm)

.debug_info     0x0000000000000000     0x1aa4
 .debug_info    0x0000000000000000      0x531 obj/low_level_init.o
 .debug_info    0x0000000000000531      0x15a obj/exceptions.o
 .debug_info    0x000000000000068b       0xfe obj/main.o
 .debug_info    0x0000000000000789      0x172 obj/sbrk.o
 .debug_info    0x00000000000008fb       0x8c obj/startup.o
 .debug_info    0x0000000000000987      0x889 /usr/lib/gcc/arm-none-eabi/4.9.3/../../../arm-none-eabi/lib/armv7e-m/libc.a(lib_a-errno.o)
 .debug_info    0x0000000000001210      0x894 /usr/lib/gcc/arm-none-eabi/4.9.3/../../../arm-none-eabi/lib/armv7e-m/libc.a(lib_a-impure.o)

.debug_abbrev   0x0000000000000000      0x620
 .debug_abbrev  0x0000000000000000      0x10f obj/low_level_init.o
 .debug_abbrev  0x000000000000010f       0x78 obj/exceptions.o
 .debug_abbrev  0x0000000000000187       0x94 obj/main.o
 .debug_abbrev  0x000000000000021b       0xe4 obj/sbrk.o
 .debug_abbrev  0x00000000000002ff       0x12 obj/startup.o
 .debug_abbrev  0x0000000000000311      0x18f /usr/lib/gcc/arm-none-eabi/4.9.3/../../../arm-none-eabi/lib/armv7e-m/libc.a(lib_a-errno.o)
 .debug_abbrev  0x00000000000004a0      0x180 /usr/lib/gcc/arm-none-eabi/4.9.3/../../../arm-none-eabi/lib/armv7e-m/libc.a(lib_a-impure.o)

.debug_aranges  0x0000000000000000       0xe0
 .debug_aranges
                0x0000000000000000       0x20 obj/low_level_init.o
 .debug_aranges
                0x0000000000000020       0x20 obj/exceptions.o
 .debug_aranges
                0x0000000000000040       0x20 obj/main.o
 .debug_aranges
                0x0000000000000060       0x20 obj/sbrk.o
 .debug_aranges
                0x0000000000000080       0x28 obj/startup.o
 .debug_aranges
                0x00000000000000a8       0x20 /usr/lib/gcc/arm-none-eabi/4.9.3/../../../arm-none-eabi/lib/armv7e-m/libc.a(lib_a-errno.o)
 .debug_aranges
                0x00000000000000c8       0x18 /usr/lib/gcc/arm-none-eabi/4.9.3/../../../arm-none-eabi/lib/armv7e-m/libc.a(lib_a-impure.o)

.debug_line     0x0000000000000000      0x5b3
 .debug_line    0x0000000000000000       0xfe obj/low_level_init.o
 .debug_line    0x00000000000000fe       0xd9 obj/exceptions.o
 .debug_line    0x00000000000001d7       0x9b obj/main.o
 .debug_line    0x0000000000000272       0xd3 obj/sbrk.o
 .debug_line    0x0000000000000345       0x71 obj/startup.o
 .debug_line    0x00000000000003b6      0x10c /usr/lib/gcc/arm-none-eabi/4.9.3/../../../arm-none-eabi/lib/armv7e-m/libc.a(lib_a-errno.o)
 .debug_line    0x00000000000004c2       0xf1 /usr/lib/gcc/arm-none-eabi/4.9.3/../../../arm-none-eabi/lib/armv7e-m/libc.a(lib_a-impure.o)

.debug_str      0x0000000000000000      0x9c0
 .debug_str     0x0000000000000000      0x340 obj/low_level_init.o
                                        0x3a0 (size before relaxing)
 .debug_str     0x0000000000000340       0xae obj/exceptions.o
                                        0x23e (size before relaxing)
 .debug_str     0x00000000000003ee       0x19 obj/main.o
                                        0x1a6 (size before relaxing)
 .debug_str     0x0000000000000407       0x42 obj/sbrk.o
                                        0x1e7 (size before relaxing)
 .debug_str     0x0000000000000449      0x4c6 /usr/lib/gcc/arm-none-eabi/4.9.3/../../../arm-none-eabi/lib/armv7e-m/libc.a(lib_a-errno.o)
                                        0x577 (size before relaxing)
 .debug_str     0x000000000000090f       0xb1 /usr/lib/gcc/arm-none-eabi/4.9.3/../../../arm-none-eabi/lib/armv7e-m/libc.a(lib_a-impure.o)
                                        0x58f (size before relaxing)

.comment        0x0000000000000000       0x70
 .comment       0x0000000000000000       0x38 obj/low_level_init.o
                                         0x39 (size before relaxing)
 .comment       0x0000000000000038       0x39 obj/exceptions.o
 .comment       0x0000000000000038       0x39 obj/main.o
 .comment       0x0000000000000038       0x39 obj/sbrk.o
 .comment       0x0000000000000038       0x38 /usr/lib/gcc/arm-none-eabi/4.9.3/../../../arm-none-eabi/lib/armv7e-m/libc.a(lib_a-errno.o)
                                         0x39 (size before relaxing)
 .comment       0x0000000000000070       0x39 /usr/lib/gcc/arm-none-eabi/4.9.3/../../../arm-none-eabi/lib/armv7e-m/libc.a(lib_a-impure.o)

.ARM.attributes
                0x0000000000000000       0x31
 .ARM.attributes
                0x0000000000000000       0x33 obj/low_level_init.o
 .ARM.attributes
                0x0000000000000033       0x33 obj/exceptions.o
 .ARM.attributes
                0x0000000000000066       0x33 obj/main.o
 .ARM.attributes
                0x0000000000000099       0x33 obj/sbrk.o
 .ARM.attributes
                0x00000000000000cc       0x21 obj/startup.o
 .ARM.attributes
                0x00000000000000ed       0x2e /usr/lib/gcc/arm-none-eabi/4.9.3/../../../arm-none-eabi/lib/armv7e-m/libc.a(lib_a-errno.o)
 .ARM.attributes
                0x000000000000011b       0x2e /usr/lib/gcc/arm-none-eabi/4.9.3/../../../arm-none-eabi/lib/armv7e-m/libc.a(lib_a-impure.o)

.debug_frame    0x0000000000000000      0x1ec
 .debug_frame   0x0000000000000000       0x54 obj/low_level_init.o
 .debug_frame   0x0000000000000054      0x110 obj/exceptions.o
 .debug_frame   0x0000000000000164       0x30 obj/main.o
 .debug_frame   0x0000000000000194       0x38 obj/sbrk.o
 .debug_frame   0x00000000000001cc       0x20 /usr/lib/gcc/arm-none-eabi/4.9.3/../../../arm-none-eabi/lib/armv7e-m/libc.a(lib_a-errno.o)

.debug_ranges   0x0000000000000000       0x30
 .debug_ranges  0x0000000000000000       0x20 obj/startup.o
 .debug_ranges  0x0000000000000020       0x10 /usr/lib/gcc/arm-none-eabi/4.9.3/../../../arm-none-eabi/lib/armv7e-m/libc.a(lib_a-errno.o)
